
> gaga-chat@0.0.0 build
> tsc -b && vite build && node scripts/post-build.cjs

[36mvite v7.3.0 [32mbuilding client environment for production...[36m[39m
transforming...
node.exe : Browserslist: browsers data (caniuse-lite) is 6 months old. Please 
run:
At line:1 char:1
+ & "C:\Program Files\nodejs/node.exe" "C:\Program Files\nodejs/node_mo ...
+ ~~~~~~~~~~~~~~~~~~~~~~~~~~~~~~~~~~~~~~~~~~~~~~~~~~~~~~~~~~~~~~~~~~~~~
    + CategoryInfo          : NotSpecified: (Browserslist: b...ld. Please run: 
   :String) [], RemoteException
    + FullyQualifiedErrorId : NativeCommandError
 
  npx update-browserslist-db@latest
  Why you should do it regularly: 
https://github.com/browserslist/update-db#readme
[32mΓ£ô[39m 2418 modules transformed.
rendering chunks...
[33m[plugin vite:reporter] 
(!) F:/OumaGa/Production Ready app/Kimi_Agent_GaGa Chat Build 
Review/app/src/lib/supabaseAuth.ts is dynamically imported by 
F:/OumaGa/Production Ready app/Kimi_Agent_GaGa Chat Build 
Review/app/src/store/useAuthStore.ts, F:/OumaGa/Production Ready 
app/Kimi_Agent_GaGa Chat Build Review/app/src/store/useAuthStore.ts but also 
statically imported by F:/OumaGa/Production Ready app/Kimi_Agent_GaGa Chat 
Build Review/app/src/context/AuthContext.tsx, F:/OumaGa/Production Ready 
app/Kimi_Agent_GaGa Chat Build Review/app/src/lib/firebaseAuth.ts, dynamic 
import will not move module into another chunk.
[39m
[33m[plugin vite:reporter] 
(!) F:/OumaGa/Production Ready app/Kimi_Agent_GaGa Chat Build 
Review/app/src/lib/firebaseAuth.ts is dynamically imported by 
F:/OumaGa/Production Ready app/Kimi_Agent_GaGa Chat Build 
Review/app/src/pages/SettingsPage.tsx, F:/OumaGa/Production Ready 
app/Kimi_Agent_GaGa Chat Build Review/app/src/pages/SettingsPage.tsx, 
F:/OumaGa/Production Ready app/Kimi_Agent_GaGa Chat Build 
Review/app/src/store/useAuthStore.ts but also statically imported by 
F:/OumaGa/Production Ready app/Kimi_Agent_GaGa Chat Build 
Review/app/src/context/AuthContext.tsx, F:/OumaGa/Production Ready 
app/Kimi_Agent_GaGa Chat Build Review/app/src/store/useAuthStore.ts, dynamic 
import will not move module into another chunk.
[39m
[33m[plugin vite:reporter] 
(!) F:/OumaGa/Production Ready app/Kimi_Agent_GaGa Chat Build 
Review/app/src/store/useSettingsStore.ts is dynamically imported by 
F:/OumaGa/Production Ready app/Kimi_Agent_GaGa Chat Build 
Review/app/src/store/useAuthStore.ts but also statically imported by 
F:/OumaGa/Production Ready app/Kimi_Agent_GaGa Chat Build 
Review/app/src/components/ThemeProvider.tsx, F:/OumaGa/Production Ready 
app/Kimi_Agent_GaGa Chat Build Review/app/src/pages/MorePage.tsx, 
F:/OumaGa/Production Ready app/Kimi_Agent_GaGa Chat Build 
Review/app/src/pages/PrivacyPage.tsx, F:/OumaGa/Production Ready 
app/Kimi_Agent_GaGa Chat Build Review/app/src/pages/SettingsPage.tsx, dynamic 
import will not move module into another chunk.
[39m
computing gzip size...
[2mdist/[22m[32mindex.html                                   [39m[1m[2m  9.28 kB[22m[1m[22m[2m Γöé gzip:   2.50 kB[22m
[2mdist/[22m[35massets/index-jtD1ITqr.css                    [39m[1m[2m122.46 kB[22m[1m[22m[2m Γöé gzip:  19.69 kB[22m
[2mdist/[22m[36massets/useDocumentTitle-De_MLdeQ.js          [39m[1m[2m  0.22 kB[22m[1m[22m[2m Γöé gzip:   0.18 kB[22m
[2mdist/[22m[36massets/EmptyState-CAGdbstQ.js                [39m[1m[2m  0.78 kB[22m[1m[22m[2m Γöé gzip:   0.48 kB[22m
[2mdist/[22m[36massets/useSavedMessages-DRFcSVl7.js          [39m[1m[2m  0.90 kB[22m[1m[22m[2m Γöé gzip:   0.50 kB[22m
[2mdist/[22m[36massets/timeUtils-DJxQx2Qz.js                 [39m[1m[2m  0.95 kB[22m[1m[22m[2m Γöé gzip:   0.42 kB[22m
[2mdist/[22m[36massets/useScheduledMessages-COqjKQ_J.js      [39m[1m[2m  1.46 kB[22m[1m[22m[2m Γöé gzip:   0.71 kB[22m
[2mdist/[22m[36massets/BottomNav-BfdBtJvz.js                 [39m[1m[2m  1.71 kB[22m[1m[22m[2m Γöé gzip:   0.88 kB[22m
[2mdist/[22m[36massets/LoadingSkeleton-BEhZzukA.js           [39m[1m[2m  2.07 kB[22m[1m[22m[2m Γöé gzip:   0.64 kB[22m
[2mdist/[22m[36massets/ChatRoomPage-BwlDHzrp.js              [39m[1m[2m  2.19 kB[22m[1m[22m[2m Γöé gzip:   0.99 kB[22m
[2mdist/[22m[36massets/index-Cjs15bAX.js                     [39m[1m[2m  2.66 kB[22m[1m[22m[2m Γöé gzip:   1.34 kB[22m
[2mdist/[22m[36massets/storage-BOJHag7n.js                   [39m[1m[2m  2.69 kB[22m[1m[22m[2m Γöé gzip:   1.30 kB[22m
[2mdist/[22m[36massets/BlockedUsersPage-BMBTmwpA.js          [39m[1m[2m  3.04 kB[22m[1m[22m[2m Γöé gzip:   1.29 kB[22m
[2mdist/[22m[36massets/SentRequestsPage-BV7HfOnI.js          [39m[1m[2m  3.30 kB[22m[1m[22m[2m Γöé gzip:   1.37 kB[22m
[2mdist/[22m[36massets/NotFound-TyOzn6U_.js                  [39m[1m[2m  3.43 kB[22m[1m[22m[2m Γöé gzip:   1.12 kB[22m
[2mdist/[22m[36massets/CookiePolicyPage-123ti6mY.js          [39m[1m[2m  3.64 kB[22m[1m[22m[2m Γöé gzip:   1.54 kB[22m
[2mdist/[22m[36massets/useReelStore-D60H6wtp.js              [39m[1m[2m  3.66 kB[22m[1m[22m[2m Γöé gzip:   1.20 kB[22m
[2mdist/[22m[36massets/TermsPage-Bw08df_7.js                 [39m[1m[2m  3.89 kB[22m[1m[22m[2m Γöé gzip:   1.75 kB[22m
[2mdist/[22m[36massets/DesktopChatView-DqzelxlM.js           [39m[1m[2m  3.98 kB[22m[1m[22m[2m Γöé gzip:   1.58 kB[22m
[2mdist/[22m[36massets/OnboardingPage-CvP898Le.js            [39m[1m[2m  4.16 kB[22m[1m[22m[2m Γöé gzip:   1.73 kB[22m
[2mdist/[22m[36massets/CommunityGuidelinesPage-Cm8qC2LF.js   [39m[1m[2m  4.39 kB[22m[1m[22m[2m Γöé gzip:   1.88 kB[22m
[2mdist/[22m[36massets/useEventStore-6IsjKNaJ.js             [39m[1m[2m  4.42 kB[22m[1m[22m[2m Γöé gzip:   1.45 kB[22m
[2mdist/[22m[36massets/DesktopCallsView-Cc3KJG2M.js          [39m[1m[2m  4.65 kB[22m[1m[22m[2m Γöé gzip:   1.77 kB[22m
[2mdist/[22m[36massets/useOfflineQueue-CKov6GaW.js           [39m[1m[2m  4.74 kB[22m[1m[22m[2m Γöé gzip:   2.00 kB[22m
[2mdist/[22m[36massets/useGroupStore-C9BzlSQV.js             [39m[1m[2m  4.86 kB[22m[1m[22m[2m Γöé gzip:   1.58 kB[22m
[2mdist/[22m[36massets/useMarketplaceStore-DogjDpOR.js       [39m[1m[2m  4.88 kB[22m[1m[22m[2m Γöé gzip:   1.56 kB[22m
[2mdist/[22m[36massets/SavedMessagesPage-BHLaprqw.js         [39m[1m[2m  5.22 kB[22m[1m[22m[2m Γöé gzip:   1.88 kB[22m
[2mdist/[22m[36massets/CreateGroupPage-B7YJ7zIu.js           [39m[1m[2m  5.29 kB[22m[1m[22m[2m Γöé gzip:   1.95 kB[22m
[2mdist/[22m[36massets/DesktopTimelineView-BomkO2TY.js       [39m[1m[2m  5.43 kB[22m[1m[22m[2m Γöé gzip:   2.17 kB[22m
[2mdist/[22m[36massets/CallsPage-C8OQUPaT.js                 [39m[1m[2m  5.70 kB[22m[1m[22m[2m Γöé gzip:   2.20 kB[22m
[2mdist/[22m[36massets/HelpCenterPage-B9u7TxO_.js            [39m[1m[2m  5.95 kB[22m[1m[22m[2m Γöé gzip:   2.44 kB[22m
[2mdist/[22m[36massets/Footer-UscvdmCD.js                    [39m[1m[2m  6.03 kB[22m[1m[22m[2m Γöé gzip:   1.97 kB[22m
[2mdist/[22m[36massets/BookmarksPage-Bfzz3kuk.js             [39m[1m[2m  6.76 kB[22m[1m[22m[2m Γöé gzip:   2.16 kB[22m
[2mdist/[22m[36massets/AnalyticsPage-D-j8i-us.js             [39m[1m[2m  6.79 kB[22m[1m[22m[2m Γöé gzip:   2.36 kB[22m
[2mdist/[22m[36massets/HashtagsPage-CDjWcbkT.js              [39m[1m[2m  7.26 kB[22m[1m[22m[2m Γöé gzip:   2.21 kB[22m
[2mdist/[22m[36massets/TermsView-vz1CzZpc.js                 [39m[1m[2m  7.54 kB[22m[1m[22m[2m Γöé gzip:   2.67 kB[22m
[2mdist/[22m[36massets/CallPage-BACtRJCi.js                  [39m[1m[2m  7.56 kB[22m[1m[22m[2m Γöé gzip:   2.53 kB[22m
[2mdist/[22m[36massets/BroadcastListsPage-CaKHGJBD.js        [39m[1m[2m  7.78 kB[22m[1m[22m[2m Γöé gzip:   2.38 kB[22m
[2mdist/[22m[36massets/MorePage-DC_Dv8qz.js                  [39m[1m[2m  8.09 kB[22m[1m[22m[2m Γöé gzip:   2.83 kB[22m
[2mdist/[22m[36massets/MarketplacePage-DaQLch4-.js           [39m[1m[2m  8.26 kB[22m[1m[22m[2m Γöé gzip:   2.81 kB[22m
[2mdist/[22m[36massets/ChatsPage-B6Oh0RyF.js                 [39m[1m[2m  8.42 kB[22m[1m[22m[2m Γöé gzip:   3.04 kB[22m
[2mdist/[22m[36massets/SearchPage-aUxoSGhG.js                [39m[1m[2m  8.56 kB[22m[1m[22m[2m Γöé gzip:   3.07 kB[22m
[2mdist/[22m[36massets/PrivacyView-B4hRTF9W.js               [39m[1m[2m  8.79 kB[22m[1m[22m[2m Γöé gzip:   2.84 kB[22m
[2mdist/[22m[36massets/usePremiumStore-JDnFb38p.js           [39m[1m[2m  9.02 kB[22m[1m[22m[2m Γöé gzip:   3.30 kB[22m
[2mdist/[22m[36massets/EventsPage-CsQdPDJ9.js                [39m[1m[2m  9.40 kB[22m[1m[22m[2m Γöé gzip:   2.93 kB[22m
[2mdist/[22m[36massets/TimelineCard-CnzzF0b3.js              [39m[1m[2m  9.53 kB[22m[1m[22m[2m Γöé gzip:   3.05 kB[22m
[2mdist/[22m[36massets/CreateReelsPage-CXUGPa00.js           [39m[1m[2m 10.94 kB[22m[1m[22m[2m Γöé gzip:   3.43 kB[22m
[2mdist/[22m[36massets/firebase-storage-CZuVU6rJ.js          [39m[1m[2m 11.00 kB[22m[1m[22m[2m Γöé gzip:   4.33 kB[22m
[2mdist/[22m[36massets/useEnhancedTimelineStore-BQJP91M0.js  [39m[1m[2m 11.27 kB[22m[1m[22m[2m Γöé gzip:   3.16 kB[22m
[2mdist/[22m[36massets/react-core-Cgg2GOmP.js                [39m[1m[2m 11.32 kB[22m[1m[22m[2m Γöé gzip:   4.07 kB[22m
[2mdist/[22m[36massets/useChatStore-BwLBiqBx.js              [39m[1m[2m 11.49 kB[22m[1m[22m[2m Γöé gzip:   3.25 kB[22m
[2mdist/[22m[36massets/ShareTargetPage-D1TAGvPe.js           [39m[1m[2m 12.19 kB[22m[1m[22m[2m Γöé gzip:   3.84 kB[22m
[2mdist/[22m[36massets/ReelsPage-IlGMX1--.js                 [39m[1m[2m 12.41 kB[22m[1m[22m[2m Γöé gzip:   3.48 kB[22m
[2mdist/[22m[36massets/PremiumPage-0xH_TwGJ.js               [39m[1m[2m 12.43 kB[22m[1m[22m[2m Γöé gzip:   4.18 kB[22m
[2mdist/[22m[36massets/GagaRewardsPage-CbwqBod5.js           [39m[1m[2m 12.77 kB[22m[1m[22m[2m Γöé gzip:   3.69 kB[22m
[2mdist/[22m[36massets/DesktopContactsView-BXlgfjVC.js       [39m[1m[2m 12.86 kB[22m[1m[22m[2m Γöé gzip:   3.12 kB[22m
[2mdist/[22m[36massets/PrivacyPage-BoLp99-9.js               [39m[1m[2m 13.17 kB[22m[1m[22m[2m Γöé gzip:   3.76 kB[22m
[2mdist/[22m[36massets/useWalletStore-BwFtOvJX.js            [39m[1m[2m 14.81 kB[22m[1m[22m[2m Γöé gzip:   4.01 kB[22m
[2mdist/[22m[36massets/NotificationsPage-CXDJklQ4.js         [39m[1m[2m 14.90 kB[22m[1m[22m[2m Γöé gzip:   4.84 kB[22m
[2mdist/[22m[36massets/ContactsPage-C49wZ7I8.js              [39m[1m[2m 15.68 kB[22m[1m[22m[2m Γöé gzip:   4.15 kB[22m
[2mdist/[22m[36massets/ChatInfoPage-DrXSBTdj.js              [39m[1m[2m 18.89 kB[22m[1m[22m[2m Γöé gzip:   4.90 kB[22m
[2mdist/[22m[36massets/QRScannerPage-BXo3md8A.js             [39m[1m[2m 19.77 kB[22m[1m[22m[2m Γöé gzip:   5.86 kB[22m
[2mdist/[22m[36massets/CreatorCenterPage-BYcsAmug.js         [39m[1m[2m 22.54 kB[22m[1m[22m[2m Γöé gzip:   5.54 kB[22m
[2mdist/[22m[36massets/GroupChatPage-DAl72ou9.js             [39m[1m[2m 24.01 kB[22m[1m[22m[2m Γöé gzip:   6.88 kB[22m
[2mdist/[22m[36massets/browser-vg42NvQB.js                   [39m[1m[2m 25.78 kB[22m[1m[22m[2m Γöé gzip:  10.14 kB[22m
[2mdist/[22m[36massets/dialog-CsznrDI2.js                    [39m[1m[2m 29.53 kB[22m[1m[22m[2m Γöé gzip:  10.22 kB[22m
[2mdist/[22m[36massets/ProfilePage-Bmd-xrJl.js               [39m[1m[2m 29.91 kB[22m[1m[22m[2m Γöé gzip:   6.84 kB[22m
[2mdist/[22m[36massets/AdminPage-DwQb_KPw.js                 [39m[1m[2m 31.57 kB[22m[1m[22m[2m Γöé gzip:   6.27 kB[22m
[2mdist/[22m[36massets/AddFriendsPage-C5qApbbT.js            [39m[1m[2m 32.88 kB[22m[1m[22m[2m Γöé gzip:   8.01 kB[22m
[2mdist/[22m[36massets/AuthView-DiaxZMMD.js                  [39m[1m[2m 33.31 kB[22m[1m[22m[2m Γöé gzip:   6.57 kB[22m
[2mdist/[22m[36massets/LandingView-iSckHcqh.js               [39m[1m[2m 36.52 kB[22m[1m[22m[2m Γöé gzip:   7.82 kB[22m
[2mdist/[22m[36massets/react-router-BZamf35J.js              [39m[1m[2m 38.49 kB[22m[1m[22m[2m Γöé gzip:  13.98 kB[22m
[2mdist/[22m[36massets/SettingsPage-HUnwttul.js              [39m[1m[2m 43.97 kB[22m[1m[22m[2m Γöé gzip:   8.78 kB[22m
[2mdist/[22m[36massets/icons-4OkVoCX1.js                     [39m[1m[2m 44.34 kB[22m[1m[22m[2m Γöé gzip:  14.62 kB[22m
[2mdist/[22m[36massets/WalletPage-BvL3Vtcn.js                [39m[1m[2m 46.41 kB[22m[1m[22m[2m Γöé gzip:   8.83 kB[22m
[2mdist/[22m[36massets/TimelinePage-BAyLIInS.js              [39m[1m[2m 50.29 kB[22m[1m[22m[2m Γöé gzip:  12.25 kB[22m
[2mdist/[22m[36massets/useTranslation-CKlXOWHV.js            [39m[1m[2m 55.60 kB[22m[1m[22m[2m Γöé gzip:  19.45 kB[22m
[2mdist/[22m[36massets/ChatRoom-BJ2teb6E.js                  [39m[1m[2m 57.76 kB[22m[1m[22m[2m Γöé gzip:  13.62 kB[22m
[2mdist/[22m[36massets/firebase-auth-D3mnfCaX.js             [39m[1m[2m 69.04 kB[22m[1m[22m[2m Γöé gzip:  20.69 kB[22m
[2mdist/[22m[36massets/firebase-app-CmzzdXRi.js              [39m[1m[2m 92.46 kB[22m[1m[22m[2m Γöé gzip:  28.95 kB[22m
[2mdist/[22m[36massets/motion-BnX9eWWG.js                    [39m[1m[2m135.40 kB[22m[1m[22m[2m Γöé gzip:  44.85 kB[22m
[2mdist/[22m[36massets/firebase-firestore-g6w6fyNz.js        [39m[1m[2m464.89 kB[22m[1m[22m[2m Γöé gzip: 137.48 kB[22m
[2mdist/[22m[36massets/index-DKqitqxP.js                     [39m[1m[2m559.04 kB[22m[1m[22m[2m Γöé gzip: 160.63 kB[22m
[32mΓ£ô built in 36.90s[39m
Γ£à  Injected build timestamp into sw.js (2026-06-26T20:45:01.688Z)
Γ£à  Injected Firebase config into sw.js
